../Core/Inc/dma.h:14:13:DMA_SetConfig	24	static
../Core/Inc/dma.h:55:6:PWM_DMA_Start	24	static
../Core/Inc/dma.h:66:6:PWM_DMA_Start_Old	24	static
../Core/Src/main.c:75:6:set_prescalar	16	static
../Core/Src/main.c:86:5:main	8	static
../Core/Src/main.c:144:6:SystemClock_Config	88	static
../Core/Src/main.c:185:13:MX_TIM1_Init	120	static
../Core/Src/main.c:275:13:MX_TIM2_Init	56	static
../Core/Src/main.c:330:13:MX_TIM3_Init	56	static
../Core/Src/main.c:388:13:MX_USART2_UART_Init	8	static
../Core/Src/main.c:434:13:MX_DMA_Init	16	static
../Core/Src/main.c:459:13:MX_GPIO_Init	40	static
../Core/Src/main.c:488:6:Error_Handler	4	static,ignoring_inline_asm
